#
# There is insufficient memory for the Java Runtime Environment to continue.
# Native memory allocation (mmap) failed to map 455081984 bytes for G1 virtual space
# Possible reasons:
#   The system is out of physical RAM or swap space
#   The process is running with CompressedOops enabled, and the Java Heap may be blocking the growth of the native heap
# Possible solutions:
#   Reduce memory load on the system
#   Increase physical memory or swap space
#   Check if swap backing store is full
#   Decrease Java heap size (-Xmx/-Xms)
#   Decrease number of Java threads
#   Decrease Java thread stack sizes (-Xss)
#   Set larger code cache with -XX:ReservedCodeCacheSize=
#   JVM is running with Zero Based Compressed Oops mode in which the Java heap is
#     placed in the first 32GB address space. The Java Heap base address is the
#     maximum limit for the native heap growth. Please use -XX:HeapBaseMinAddress
#     to set the Java Heap base and to place the Java Heap above 32GB virtual address.
# This output file may be truncated or incomplete.
#
#  Out of Memory Error (os_windows.cpp:3548), pid=19436, tid=16672
#
# JRE version: Java(TM) SE Runtime Environment (17.0.12+8) (build 17.0.12+8-LTS-286)
# Java VM: Java HotSpot(TM) 64-Bit Server VM (17.0.12+8-LTS-286, mixed mode, sharing, tiered, compressed oops, compressed class ptrs, g1 gc, windows-amd64)
# No core dump will be written. Minidumps are not enabled by default on client versions of Windows
#

---------------  S U M M A R Y ------------

Command Line: -Dmaven.wagon.http.ssl.insecure=true -Dclassworlds.conf=C:\Program Files\apache-maven-3.9.9\bin\m2.conf -Dmaven.home=C:\Program Files\apache-maven-3.9.9 -Dlibrary.jansi.path=C:\Program Files\apache-maven-3.9.9\lib\jansi-native -Dmaven.multiModuleProjectDirectory=C:\Users\aurel\Dev\codelab\oh\oh-web\u2g\openhospital-core org.codehaus.plexus.classworlds.launcher.Launcher compile -q

Host: Intel(R) Core(TM) i5-4300U CPU @ 1.90GHz, 4 cores, 15G,  Windows 10 , 64 bit Build 19041 (10.0.19041.5915)
Time: Mon Jul  6 17:19:52 2026 Afr. centrale Ouest elapsed time: 24.247559 seconds (0d 0h 0m 24s)

---------------  T H R E A D  ---------------

Current thread (0x00000220d7f95660):  VMThread "VM Thread" [stack: 0x0000003c02300000,0x0000003c02400000] [id=16672]

Stack: [0x0000003c02300000,0x0000003c02400000]
Native frames: (J=compiled Java code, j=interpreted, Vv=VM code, C=native code)
V  [jvm.dll+0x67a04a]
V  [jvm.dll+0x7da4ed]
V  [jvm.dll+0x7dbe33]
V  [jvm.dll+0x7dc4a3]
V  [jvm.dll+0x24508f]
V  [jvm.dll+0x677089]
V  [jvm.dll+0x66bd32]
V  [jvm.dll+0x301fa6]
V  [jvm.dll+0x309546]
V  [jvm.dll+0x359d2e]
V  [jvm.dll+0x359f5f]
V  [jvm.dll+0x2d9078]
V  [jvm.dll+0x2d74ad]
V  [jvm.dll+0x2d6afc]
V  [jvm.dll+0x31a65b]
V  [jvm.dll+0x7e0d9b]
V  [jvm.dll+0x7e1ad4]
V  [jvm.dll+0x7e1fed]
V  [jvm.dll+0x7e23c4]
V  [jvm.dll+0x7e2490]
V  [jvm.dll+0x78abea]
V  [jvm.dll+0x678f35]
C  [ucrtbase.dll+0x21bb2]
C  [KERNEL32.DLL+0x17374]
C  [ntdll.dll+0x4cc91]

VM_Operation (0x0000003c01dfcaa0): G1CollectForAllocation, mode: safepoint, requested by thread 0x00000220b5a6a730


---------------  P R O C E S S  ---------------

Threads class SMR info:
_java_thread_list=0x000002211eb0cdc0, length=13, elements={
0x00000220b5a6a730, 0x00000220d7f9a270, 0x00000220d7f9b0f0, 0x00000220d7faca70,
0x00000220d7fad630, 0x00000220d7fb0100, 0x00000220d7fb2ad0, 0x00000220d7fbd250,
0x000002211d150540, 0x000002211d150f40, 0x000002211d26fb00, 0x000002211d274ac0,
0x00000221203ef670
}

Java Threads: ( => current thread )
  0x00000220b5a6a730 JavaThread "main" [_thread_blocked, id=5552, stack(0x0000003c01d00000,0x0000003c01e00000)]
  0x00000220d7f9a270 JavaThread "Reference Handler" daemon [_thread_blocked, id=2036, stack(0x0000003c02400000,0x0000003c02500000)]
  0x00000220d7f9b0f0 JavaThread "Finalizer" daemon [_thread_blocked, id=17564, stack(0x0000003c02500000,0x0000003c02600000)]
  0x00000220d7faca70 JavaThread "Signal Dispatcher" daemon [_thread_blocked, id=8064, stack(0x0000003c02600000,0x0000003c02700000)]
  0x00000220d7fad630 JavaThread "Attach Listener" daemon [_thread_blocked, id=19112, stack(0x0000003c02700000,0x0000003c02800000)]
  0x00000220d7fb0100 JavaThread "Service Thread" daemon [_thread_blocked, id=11656, stack(0x0000003c02800000,0x0000003c02900000)]
  0x00000220d7fb2ad0 JavaThread "Monitor Deflation Thread" daemon [_thread_blocked, id=18600, stack(0x0000003c02900000,0x0000003c02a00000)]
  0x00000220d7fbd250 JavaThread "C2 CompilerThread0" daemon [_thread_blocked, id=18780, stack(0x0000003c02a00000,0x0000003c02b00000)]
  0x000002211d150540 JavaThread "C1 CompilerThread0" daemon [_thread_blocked, id=11096, stack(0x0000003c02b00000,0x0000003c02c00000)]
  0x000002211d150f40 JavaThread "Sweeper thread" daemon [_thread_blocked, id=18708, stack(0x0000003c02c00000,0x0000003c02d00000)]
  0x000002211d26fb00 JavaThread "Notification Thread" daemon [_thread_blocked, id=14032, stack(0x0000003c02d00000,0x0000003c02e00000)]
  0x000002211d274ac0 JavaThread "Common-Cleaner" daemon [_thread_blocked, id=16804, stack(0x0000003c02f00000,0x0000003c03000000)]
  0x00000221203ef670 JavaThread "C2 CompilerThread1" daemon [_thread_blocked, id=192, stack(0x0000003c03000000,0x0000003c03100000)]

Other Threads:
=>0x00000220d7f95660 VMThread "VM Thread" [stack: 0x0000003c02300000,0x0000003c02400000] [id=16672]
  0x000002211d273030 WatcherThread [stack: 0x0000003c02e00000,0x0000003c02f00000] [id=10964]
  0x00000220b5ad2360 GCTaskThread "GC Thread#0" [stack: 0x0000003c01e00000,0x0000003c01f00000] [id=16760]
  0x000002211d7d2d50 GCTaskThread "GC Thread#1" [stack: 0x0000003c03100000,0x0000003c03200000] [id=3664]
  0x000002211dbf35d0 GCTaskThread "GC Thread#2" [stack: 0x0000003c03200000,0x0000003c03300000] [id=17024]
  0x000002211dbf3890 GCTaskThread "GC Thread#3" [stack: 0x0000003c03300000,0x0000003c03400000] [id=16332]
  0x00000220b5ae41c0 ConcurrentGCThread "G1 Main Marker" [stack: 0x0000003c01f00000,0x0000003c02000000] [id=14932]
  0x00000220b5ae5370 ConcurrentGCThread "G1 Conc#0" [stack: 0x0000003c02000000,0x0000003c02100000] [id=16192]
  0x00000220d7e630e0 ConcurrentGCThread "G1 Refine#0" [stack: 0x0000003c02100000,0x0000003c02200000] [id=19168]
  0x000002211db567f0 ConcurrentGCThread "G1 Refine#1" [stack: 0x0000003c03400000,0x0000003c03500000] [id=13504]
  0x000002211e5f7a50 ConcurrentGCThread "G1 Refine#2" [stack: 0x0000003c03500000,0x0000003c03600000] [id=14668]
  0x000002211e5f7470 ConcurrentGCThread "G1 Refine#3" [stack: 0x0000003c03600000,0x0000003c03700000] [id=2808]
  0x00000220d7e63b10 ConcurrentGCThread "G1 Service" [stack: 0x0000003c02200000,0x0000003c02300000] [id=19128]

Threads with active compile tasks:
C2 CompilerThread0    24293 9518   !   4       com.sun.tools.javac.comp.Resolve::selectBest (552 bytes)
C2 CompilerThread1    24293 9790       4       com.sun.tools.javac.code.Types$5::visitClassType (387 bytes)

VM state: at safepoint (normal execution)

VM Mutex/Monitor currently owned by a thread:  ([mutex/lock_event])
[0x00000220b5a67ba0] Threads_lock - owner thread: 0x00000220d7f95660
[0x00000220b5a67c30] Heap_lock - owner thread: 0x00000220b5a6a730

Heap address: 0x0000000701000000, size: 4080 MB, Compressed Oops mode: Zero based, Oop shift amount: 3

CDS archive(s) mapped at: [0x00000220d8000000-0x00000220d8bd0000-0x00000220d8bd0000), size 12386304, SharedBaseAddress: 0x00000220d8000000, ArchiveRelocationMode: 1.
Compressed class space mapped at: 0x00000220d9000000-0x0000022119000000, reserved size: 1073741824
Narrow klass base: 0x00000220d8000000, Narrow klass shift: 0, Narrow klass range: 0x100000000

GC Precious Log:
 CPUs: 4 total, 4 available
 Memory: 16313M
 Large Page Support: Disabled
 NUMA Support: Disabled
 Compressed Oops: Enabled (Zero based)
 Heap Region Size: 2M
 Heap Min Capacity: 8M
 Heap Initial Capacity: 256M
 Heap Max Capacity: 4080M
 Pre-touch: Disabled
 Parallel Workers: 4
 Concurrent Workers: 1
 Concurrent Refinement Workers: 4
 Periodic GC: Disabled

Heap:
 garbage-first heap   total 266240K, used 124424K [0x0000000701000000, 0x0000000800000000)
  region size 2048K, 3 young (6144K), 3 survivors (6144K)
 Metaspace       used 30284K, committed 30592K, reserved 1114112K
  class space    used 3311K, committed 3456K, reserved 1048576K

Heap Regions: E=young(eden), S=young(survivor), O=old, HS=humongous(starts), HC=humongous(continues), CS=collection set, F=free, OA=open archive, CA=closed archive, TAMS=top-at-mark-start (previous, next)
|   0|0x0000000701000000, 0x0000000701200000, 0x0000000701200000|100%| O|  |TAMS 0x0000000701200000, 0x0000000701200000| Untracked 
|   1|0x0000000701200000, 0x0000000701400000, 0x0000000701400000|100%| O|  |TAMS 0x0000000701400000, 0x0000000701400000| Untracked 
|   2|0x0000000701400000, 0x0000000701600000, 0x0000000701600000|100%| O|  |TAMS 0x0000000701600000, 0x0000000701600000| Untracked 
|   3|0x0000000701600000, 0x0000000701800000, 0x0000000701800000|100%| O|  |TAMS 0x0000000701800000, 0x0000000701800000| Untracked 
|   4|0x0000000701800000, 0x0000000701a00000, 0x0000000701a00000|100%| O|  |TAMS 0x0000000701a00000, 0x0000000701a00000| Untracked 
|   5|0x0000000701a00000, 0x0000000701c00000, 0x0000000701c00000|100%| O|  |TAMS 0x0000000701c00000, 0x0000000701c00000| Untracked 
|   6|0x0000000701c00000, 0x0000000701e00000, 0x0000000701e00000|100%| O|  |TAMS 0x0000000701e00000, 0x0000000701e00000| Untracked 
|   7|0x0000000701e00000, 0x0000000702000000, 0x0000000702000000|100%| O|  |TAMS 0x0000000702000000, 0x0000000702000000| Untracked 
|   8|0x0000000702000000, 0x0000000702200000, 0x0000000702200000|100%| O|  |TAMS 0x0000000702200000, 0x0000000702200000| Untracked 
|   9|0x0000000702200000, 0x0000000702400000, 0x0000000702400000|100%| O|  |TAMS 0x0000000702400000, 0x0000000702400000| Untracked 
|  10|0x0000000702400000, 0x0000000702600000, 0x0000000702600000|100%| O|  |TAMS 0x0000000702600000, 0x0000000702600000| Untracked 
|  11|0x0000000702600000, 0x0000000702800000, 0x0000000702800000|100%| O|  |TAMS 0x0000000702800000, 0x0000000702800000| Untracked 
|  12|0x0000000702800000, 0x0000000702a00000, 0x0000000702a00000|100%| O|  |TAMS 0x0000000702a00000, 0x0000000702a00000| Untracked 
|  13|0x0000000702a00000, 0x0000000702c00000, 0x0000000702c00000|100%| O|  |TAMS 0x0000000702c00000, 0x0000000702c00000| Untracked 
|  14|0x0000000702c00000, 0x0000000702e00000, 0x0000000702e00000|100%| O|  |TAMS 0x0000000702e00000, 0x0000000702e00000| Untracked 
|  15|0x0000000702e00000, 0x0000000703000000, 0x0000000703000000|100%| O|  |TAMS 0x0000000703000000, 0x0000000703000000| Untracked 
|  16|0x0000000703000000, 0x0000000703200000, 0x0000000703200000|100%| O|  |TAMS 0x0000000703200000, 0x0000000703200000| Untracked 
|  17|0x0000000703200000, 0x0000000703400000, 0x0000000703400000|100%| O|  |TAMS 0x0000000703400000, 0x0000000703400000| Untracked 
|  18|0x0000000703400000, 0x0000000703600000, 0x0000000703600000|100%| O|  |TAMS 0x0000000703400000, 0x0000000703600000| Untracked 
|  19|0x0000000703600000, 0x0000000703800000, 0x0000000703800000|100%|HS|  |TAMS 0x0000000703800000, 0x0000000703800000| Complete 
|  20|0x0000000703800000, 0x0000000703a00000, 0x0000000703a00000|100%| O|  |TAMS 0x0000000703a00000, 0x0000000703a00000| Untracked 
|  21|0x0000000703a00000, 0x0000000703c00000, 0x0000000703c00000|100%| O|  |TAMS 0x0000000703c00000, 0x0000000703c00000| Untracked 
|  22|0x0000000703c00000, 0x0000000703e00000, 0x0000000703e00000|100%| O|  |TAMS 0x0000000703e00000, 0x0000000703e00000| Untracked 
|  23|0x0000000703e00000, 0x0000000704000000, 0x0000000704000000|100%| O|  |TAMS 0x0000000704000000, 0x0000000704000000| Untracked 
|  24|0x0000000704000000, 0x0000000704200000, 0x0000000704200000|100%| O|  |TAMS 0x0000000704200000, 0x0000000704200000| Untracked 
|  25|0x0000000704200000, 0x0000000704400000, 0x0000000704400000|100%| O|  |TAMS 0x0000000704400000, 0x0000000704400000| Untracked 
|  26|0x0000000704400000, 0x0000000704600000, 0x0000000704600000|100%| O|  |TAMS 0x0000000704600000, 0x0000000704600000| Untracked 
|  27|0x0000000704600000, 0x0000000704800000, 0x0000000704800000|100%| O|  |TAMS 0x0000000704800000, 0x0000000704800000| Untracked 
|  28|0x0000000704800000, 0x0000000704a00000, 0x0000000704a00000|100%| O|  |TAMS 0x0000000704a00000, 0x0000000704a00000| Untracked 
|  29|0x0000000704a00000, 0x0000000704c00000, 0x0000000704c00000|100%| O|  |TAMS 0x0000000704c00000, 0x0000000704c00000| Untracked 
|  30|0x0000000704c00000, 0x0000000704e00000, 0x0000000704e00000|100%| O|  |TAMS 0x0000000704e00000, 0x0000000704e00000| Untracked 
|  31|0x0000000704e00000, 0x0000000705000000, 0x0000000705000000|100%| O|  |TAMS 0x0000000705000000, 0x0000000705000000| Untracked 
|  32|0x0000000705000000, 0x0000000705200000, 0x0000000705200000|100%| O|  |TAMS 0x0000000705200000, 0x0000000705200000| Untracked 
|  33|0x0000000705200000, 0x0000000705400000, 0x0000000705400000|100%| O|  |TAMS 0x0000000705400000, 0x0000000705400000| Untracked 
|  34|0x0000000705400000, 0x0000000705600000, 0x0000000705600000|100%| O|  |TAMS 0x0000000705600000, 0x0000000705600000| Untracked 
|  35|0x0000000705600000, 0x0000000705800000, 0x0000000705800000|100%| O|  |TAMS 0x0000000705800000, 0x0000000705800000| Untracked 
|  36|0x0000000705800000, 0x0000000705800000, 0x0000000705a00000|  0%| F|  |TAMS 0x0000000705800000, 0x0000000705800000| Untracked 
|  37|0x0000000705a00000, 0x0000000705c00000, 0x0000000705c00000|100%| O|  |TAMS 0x0000000705c00000, 0x0000000705c00000| Untracked 
|  38|0x0000000705c00000, 0x0000000705e00000, 0x0000000705e00000|100%| O|  |TAMS 0x0000000705e00000, 0x0000000705e00000| Untracked 
|  39|0x0000000705e00000, 0x0000000706000000, 0x0000000706000000|100%| O|  |TAMS 0x0000000706000000, 0x0000000706000000| Untracked 
|  40|0x0000000706000000, 0x0000000706200000, 0x0000000706200000|100%| O|  |TAMS 0x0000000706200000, 0x0000000706200000| Untracked 
|  41|0x0000000706200000, 0x0000000706400000, 0x0000000706400000|100%| O|  |TAMS 0x0000000706400000, 0x0000000706400000| Untracked 
|  42|0x0000000706400000, 0x0000000706600000, 0x0000000706600000|100%| O|  |TAMS 0x0000000706600000, 0x0000000706600000| Untracked 
|  43|0x0000000706600000, 0x0000000706800000, 0x0000000706800000|100%| O|  |TAMS 0x0000000706800000, 0x0000000706800000| Untracked 
|  44|0x0000000706800000, 0x0000000706a00000, 0x0000000706a00000|100%| O|  |TAMS 0x0000000706a00000, 0x0000000706a00000| Untracked 
|  45|0x0000000706a00000, 0x0000000706c00000, 0x0000000706c00000|100%| O|  |TAMS 0x0000000706c00000, 0x0000000706c00000| Untracked 
|  46|0x0000000706c00000, 0x0000000706c00000, 0x0000000706e00000|  0%| F|  |TAMS 0x0000000706c00000, 0x0000000706c00000| Untracked 
|  47|0x0000000706e00000, 0x0000000707000000, 0x0000000707000000|100%| O|  |TAMS 0x0000000707000000, 0x0000000707000000| Untracked 
|  48|0x0000000707000000, 0x0000000707200000, 0x0000000707200000|100%| O|  |TAMS 0x0000000707200000, 0x0000000707200000| Untracked 
|  49|0x0000000707200000, 0x0000000707400000, 0x0000000707400000|100%| O|  |TAMS 0x0000000707400000, 0x0000000707400000| Untracked 
|  50|0x0000000707400000, 0x0000000707600000, 0x0000000707600000|100%| O|  |TAMS 0x0000000707600000, 0x0000000707600000| Untracked 
|  51|0x0000000707600000, 0x0000000707800000, 0x0000000707800000|100%| O|  |TAMS 0x0000000707800000, 0x0000000707800000| Untracked 
|  52|0x0000000707800000, 0x0000000707a00000, 0x0000000707a00000|100%| O|  |TAMS 0x0000000707a00000, 0x0000000707a00000| Untracked 
|  53|0x0000000707a00000, 0x0000000707c00000, 0x0000000707c00000|100%| O|  |TAMS 0x0000000707b92800, 0x0000000707c00000| Untracked 
|  54|0x0000000707c00000, 0x0000000707e00000, 0x0000000707e00000|100%| O|  |TAMS 0x0000000707c00000, 0x0000000707e00000| Untracked 
|  55|0x0000000707e00000, 0x0000000708000000, 0x0000000708000000|100%| O|  |TAMS 0x0000000707e00000, 0x0000000708000000| Untracked 
|  56|0x0000000708000000, 0x0000000708200000, 0x0000000708200000|100%| O|  |TAMS 0x0000000708000000, 0x0000000708200000| Untracked 
|  57|0x0000000708200000, 0x0000000708400000, 0x0000000708400000|100%| O|  |TAMS 0x0000000708200000, 0x0000000708400000| Untracked 
|  58|0x0000000708400000, 0x00000007084e9a00, 0x0000000708600000| 45%| O|  |TAMS 0x0000000708400000, 0x00000007084e9a00| Untracked 
|  59|0x0000000708600000, 0x0000000708600000, 0x0000000708800000|  0%| F|  |TAMS 0x0000000708600000, 0x0000000708600000| Untracked 
|  60|0x0000000708800000, 0x0000000708800000, 0x0000000708a00000|  0%| F|  |TAMS 0x0000000708800000, 0x0000000708800000| Untracked 
|  61|0x0000000708a00000, 0x0000000708a00000, 0x0000000708c00000|  0%| F|  |TAMS 0x0000000708a00000, 0x0000000708a00000| Untracked 
|  62|0x0000000708c00000, 0x0000000708c00000, 0x0000000708e00000|  0%| F|  |TAMS 0x0000000708c00000, 0x0000000708c00000| Untracked 
|  63|0x0000000708e00000, 0x0000000708e00000, 0x0000000709000000|  0%| F|  |TAMS 0x0000000708e00000, 0x0000000708e00000| Untracked 
|  64|0x0000000709000000, 0x0000000709000000, 0x0000000709200000|  0%| F|  |TAMS 0x0000000709000000, 0x0000000709000000| Untracked 
|  65|0x0000000709200000, 0x0000000709200000, 0x0000000709400000|  0%| F|  |TAMS 0x0000000709200000, 0x0000000709200000| Untracked 
|  66|0x0000000709400000, 0x0000000709400000, 0x0000000709600000|  0%| F|  |TAMS 0x0000000709400000, 0x0000000709400000| Untracked 
|  67|0x0000000709600000, 0x0000000709600000, 0x0000000709800000|  0%| F|  |TAMS 0x0000000709600000, 0x0000000709600000| Untracked 
|  68|0x0000000709800000, 0x0000000709800000, 0x0000000709a00000|  0%| F|  |TAMS 0x0000000709800000, 0x0000000709800000| Untracked 
|  69|0x0000000709a00000, 0x0000000709a00000, 0x0000000709c00000|  0%| F|  |TAMS 0x0000000709a00000, 0x0000000709a00000| Untracked 
|  70|0x0000000709c00000, 0x0000000709c00000, 0x0000000709e00000|  0%| F|  |TAMS 0x0000000709c00000, 0x0000000709c00000| Untracked 
|  71|0x0000000709e00000, 0x0000000709e00000, 0x000000070a000000|  0%| F|  |TAMS 0x0000000709e00000, 0x0000000709e00000| Untracked 
|  72|0x000000070a000000, 0x000000070a000000, 0x000000070a200000|  0%| F|  |TAMS 0x000000070a000000, 0x000000070a000000| Untracked 
|  73|0x000000070a200000, 0x000000070a200000, 0x000000070a400000|  0%| F|  |TAMS 0x000000070a200000, 0x000000070a200000| Untracked 
|  74|0x000000070a400000, 0x000000070a400000, 0x000000070a600000|  0%| F|  |TAMS 0x000000070a400000, 0x000000070a400000| Untracked 
|  75|0x000000070a600000, 0x000000070a600000, 0x000000070a800000|  0%| F|  |TAMS 0x000000070a600000, 0x000000070a600000| Untracked 
|  76|0x000000070a800000, 0x000000070a800000, 0x000000070aa00000|  0%| F|  |TAMS 0x000000070a800000, 0x000000070a800000| Untracked 
|  77|0x000000070aa00000, 0x000000070aa00000, 0x000000070ac00000|  0%| F|  |TAMS 0x000000070aa00000, 0x000000070aa00000| Untracked 
|  78|0x000000070ac00000, 0x000000070ac00000, 0x000000070ae00000|  0%| F|  |TAMS 0x000000070ac00000, 0x000000070ac00000| Untracked 
|  79|0x000000070ae00000, 0x000000070ae00000, 0x000000070b000000|  0%| F|  |TAMS 0x000000070ae00000, 0x000000070ae00000| Untracked 
|  80|0x000000070b000000, 0x000000070b000000, 0x000000070b200000|  0%| F|  |TAMS 0x000000070b000000, 0x000000070b000000| Untracked 
|  81|0x000000070b200000, 0x000000070b298940, 0x000000070b400000| 29%| S|CS|TAMS 0x000000070b200000, 0x000000070b200000| Complete 
|  82|0x000000070b400000, 0x000000070b600000, 0x000000070b600000|100%| S|CS|TAMS 0x000000070b400000, 0x000000070b400000| Complete 
|  83|0x000000070b600000, 0x000000070b800000, 0x000000070b800000|100%| S|CS|TAMS 0x000000070b600000, 0x000000070b600000| Complete 
|  84|0x000000070b800000, 0x000000070b800000, 0x000000070ba00000|  0%| F|  |TAMS 0x000000070b800000, 0x000000070b800000| Untracked 
|  85|0x000000070ba00000, 0x000000070ba00000, 0x000000070bc00000|  0%| F|  |TAMS 0x000000070ba00000, 0x000000070ba00000| Untracked 
|  86|0x000000070bc00000, 0x000000070bc00000, 0x000000070be00000|  0%| F|  |TAMS 0x000000070bc00000, 0x000000070bc00000| Untracked 
|  87|0x000000070be00000, 0x000000070be00000, 0x000000070c000000|  0%| F|  |TAMS 0x000000070be00000, 0x000000070be00000| Untracked 
|  88|0x000000070c000000, 0x000000070c000000, 0x000000070c200000|  0%| F|  |TAMS 0x000000070c000000, 0x000000070c000000| Untracked 
|  89|0x000000070c200000, 0x000000070c200000, 0x000000070c400000|  0%| F|  |TAMS 0x000000070c200000, 0x000000070c200000| Untracked 
|  90|0x000000070c400000, 0x000000070c400000, 0x000000070c600000|  0%| F|  |TAMS 0x000000070c400000, 0x000000070c400000| Untracked 
|  91|0x000000070c600000, 0x000000070c600000, 0x000000070c800000|  0%| F|  |TAMS 0x000000070c600000, 0x000000070c600000| Untracked 
|  92|0x000000070c800000, 0x000000070c800000, 0x000000070ca00000|  0%| F|  |TAMS 0x000000070c800000, 0x000000070c800000| Untracked 
|  93|0x000000070ca00000, 0x000000070ca00000, 0x000000070cc00000|  0%| F|  |TAMS 0x000000070ca00000, 0x000000070ca00000| Untracked 
|  94|0x000000070cc00000, 0x000000070cc00000, 0x000000070ce00000|  0%| F|  |TAMS 0x000000070cc00000, 0x000000070cc00000| Untracked 
|  95|0x000000070ce00000, 0x000000070ce00000, 0x000000070d000000|  0%| F|  |TAMS 0x000000070ce00000, 0x000000070ce00000| Untracked 
|  96|0x000000070d000000, 0x000000070d000000, 0x000000070d200000|  0%| F|  |TAMS 0x000000070d000000, 0x000000070d000000| Untracked 
|  97|0x000000070d200000, 0x000000070d200000, 0x000000070d400000|  0%| F|  |TAMS 0x000000070d200000, 0x000000070d200000| Untracked 
|  98|0x000000070d400000, 0x000000070d400000, 0x000000070d600000|  0%| F|  |TAMS 0x000000070d400000, 0x000000070d400000| Untracked 
|  99|0x000000070d600000, 0x000000070d600000, 0x000000070d800000|  0%| F|  |TAMS 0x000000070d600000, 0x000000070d600000| Untracked 
| 100|0x000000070d800000, 0x000000070d800000, 0x000000070da00000|  0%| F|  |TAMS 0x000000070d800000, 0x000000070d800000| Untracked 
| 101|0x000000070da00000, 0x000000070da00000, 0x000000070dc00000|  0%| F|  |TAMS 0x000000070da00000, 0x000000070da00000| Untracked 
| 102|0x000000070dc00000, 0x000000070dc00000, 0x000000070de00000|  0%| F|  |TAMS 0x000000070dc00000, 0x000000070dc00000| Untracked 
| 103|0x000000070de00000, 0x000000070de00000, 0x000000070e000000|  0%| F|  |TAMS 0x000000070de00000, 0x000000070de00000| Untracked 
| 104|0x000000070e000000, 0x000000070e000000, 0x000000070e200000|  0%| F|  |TAMS 0x000000070e000000, 0x000000070e000000| Untracked 
| 105|0x000000070e200000, 0x000000070e200000, 0x000000070e400000|  0%| F|  |TAMS 0x000000070e200000, 0x000000070e200000| Untracked 
| 106|0x000000070e400000, 0x000000070e400000, 0x000000070e600000|  0%| F|  |TAMS 0x000000070e400000, 0x000000070e400000| Untracked 
| 107|0x000000070e600000, 0x000000070e600000, 0x000000070e800000|  0%| F|  |TAMS 0x000000070e600000, 0x000000070e600000| Untracked 
| 108|0x000000070e800000, 0x000000070e800000, 0x000000070ea00000|  0%| F|  |TAMS 0x000000070e800000, 0x000000070e800000| Untracked 
| 109|0x000000070ea00000, 0x000000070ea00000, 0x000000070ec00000|  0%| F|  |TAMS 0x000000070ea00000, 0x000000070ea00000| Untracked 
| 110|0x000000070ec00000, 0x000000070ec00000, 0x000000070ee00000|  0%| F|  |TAMS 0x000000070ec00000, 0x000000070ec00000| Untracked 
| 111|0x000000070ee00000, 0x000000070ee00000, 0x000000070f000000|  0%| F|  |TAMS 0x000000070ee00000, 0x000000070ee00000| Untracked 
| 112|0x000000070f000000, 0x000000070f000000, 0x000000070f200000|  0%| F|  |TAMS 0x000000070f000000, 0x000000070f000000| Untracked 
| 113|0x000000070f200000, 0x000000070f200000, 0x000000070f400000|  0%| F|  |TAMS 0x000000070f200000, 0x000000070f200000| Untracked 
| 114|0x000000070f400000, 0x000000070f400000, 0x000000070f600000|  0%| F|  |TAMS 0x000000070f400000, 0x000000070f400000| Untracked 
| 115|0x000000070f600000, 0x000000070f600000, 0x000000070f800000|  0%| F|  |TAMS 0x000000070f600000, 0x000000070f600000| Untracked 
| 116|0x000000070f800000, 0x000000070f800000, 0x000000070fa00000|  0%| F|  |TAMS 0x000000070f800000, 0x000000070f800000| Untracked 
| 117|0x000000070fa00000, 0x000000070fa00000, 0x000000070fc00000|  0%| F|  |TAMS 0x000000070fa00000, 0x000000070fa00000| Untracked 
| 118|0x000000070fc00000, 0x000000070fc00000, 0x000000070fe00000|  0%| F|  |TAMS 0x000000070fc00000, 0x000000070fc00000| Untracked 
| 119|0x000000070fe00000, 0x000000070fe00000, 0x0000000710000000|  0%| F|  |TAMS 0x000000070fe00000, 0x000000070fe00000| Untracked 
| 120|0x0000000710000000, 0x0000000710000000, 0x0000000710200000|  0%| F|  |TAMS 0x0000000710000000, 0x0000000710000000| Untracked 
| 121|0x0000000710200000, 0x0000000710200000, 0x0000000710400000|  0%| F|  |TAMS 0x0000000710200000, 0x0000000710200000| Untracked 
| 122|0x0000000710400000, 0x0000000710400000, 0x0000000710600000|  0%| F|  |TAMS 0x0000000710400000, 0x0000000710400000| Untracked 
| 123|0x0000000710600000, 0x0000000710600000, 0x0000000710800000|  0%| F|  |TAMS 0x0000000710600000, 0x0000000710600000| Untracked 
| 124|0x0000000710800000, 0x0000000710800000, 0x0000000710a00000|  0%| F|  |TAMS 0x0000000710800000, 0x0000000710800000| Untracked 
| 125|0x0000000710a00000, 0x0000000710a00000, 0x0000000710c00000|  0%| F|  |TAMS 0x0000000710a00000, 0x0000000710a00000| Untracked 
| 126|0x0000000710c00000, 0x0000000710c00000, 0x0000000710e00000|  0%| F|  |TAMS 0x0000000710c00000, 0x0000000710c00000| Untracked 
| 127|0x0000000710e00000, 0x0000000710e00000, 0x0000000711000000|  0%| F|  |TAMS 0x0000000710e00000, 0x0000000710e00000| Untracked 
|2038|0x00000007ffc00000, 0x00000007ffe00000, 0x00000007ffe00000|100%| O|  |TAMS 0x00000007ffe00000, 0x00000007ffe00000| Untracked 
|2039|0x00000007ffe00000, 0x0000000800000000, 0x0000000800000000|100%| O|  |TAMS 0x0000000800000000, 0x0000000800000000| Untracked 

Card table byte_map: [0x00000220ccb30000,0x00000220cd330000] _byte_map_base: 0x00000220c9328000

Marking Bits (Prev, Next): (CMBitMap*) 0x00000220b5ad2980, (CMBitMap*) 0x00000220b5ad29c0
 Prev Bits: [0x00000220cdb30000, 0x00000220d1af0000)
 Next Bits: [0x00000220d1af0000, 0x00000220d5ab0000)

Polling page: 0x00000220b39e0000

Metaspace:

Usage:
  Non-class:     26.34 MB used.
      Class:      3.23 MB used.
       Both:     29.57 MB used.

Virtual space:
  Non-class space:       64.00 MB reserved,      26.50 MB ( 41%) committed,  1 nodes.
      Class space:        1.00 GB reserved,       3.38 MB ( <1%) committed,  1 nodes.
             Both:        1.06 GB reserved,      29.88 MB (  3%) committed. 

Chunk freelists:
   Non-Class:  4.89 MB
       Class:  12.60 MB
        Both:  17.49 MB

MaxMetaspaceSize: unlimited
CompressedClassSpaceSize: 1.00 GB
Initial GC threshold: 21.00 MB
Current GC threshold: 46.38 MB
CDS: on
MetaspaceReclaimPolicy: balanced
 - commit_granule_bytes: 65536.
 - commit_granule_words: 8192.
 - virtual_space_node_default_size: 8388608.
 - enlarge_chunks_in_place: 1.
 - new_chunks_are_fully_committed: 0.
 - uncommit_free_chunks: 1.
 - use_allocation_guard: 0.
 - handle_deallocations: 1.


Internal statistics:

num_allocs_failed_limit: 3.
num_arena_births: 204.
num_arena_deaths: 0.
num_vsnodes_births: 2.
num_vsnodes_deaths: 0.
num_space_committed: 478.
num_space_uncommitted: 0.
num_chunks_returned_to_freelist: 3.
num_chunks_taken_from_freelist: 1311.
num_chunk_merges: 3.
num_chunk_splits: 915.
num_chunks_enlarged: 725.
num_inconsistent_stats: 0.

CodeHeap 'non-profiled nmethods': size=120000Kb used=5299Kb max_used=5299Kb free=114700Kb
 bounds [0x00000220c4e00000, 0x00000220c5330000, 0x00000220cc330000]
CodeHeap 'profiled nmethods': size=120000Kb used=19289Kb max_used=19289Kb free=100710Kb
 bounds [0x00000220bd330000, 0x00000220be610000, 0x00000220c4860000]
CodeHeap 'non-nmethods': size=5760Kb used=1206Kb max_used=1260Kb free=4553Kb
 bounds [0x00000220c4860000, 0x00000220c4ad0000, 0x00000220c4e00000]
 total_blobs=8896 nmethods=8392 adapters=416
 compilation: enabled
              stopped_count=0, restarted_count=0
 full_count=0

Compilation events (20 events):
Event: 24.213 Thread 0x000002211d150540 9868       3       com.sun.tools.javac.jvm.Gen::nonVirtualForPrivateAccess (46 bytes)
Event: 24.213 Thread 0x000002211d150540 nmethod 9868 0x00000220be602590 code [0x00000220be602760, 0x00000220be602b78]
Event: 24.213 Thread 0x000002211d150540 9866       2       com.sun.tools.javac.jvm.Code::emitStackMap (103 bytes)
Event: 24.214 Thread 0x000002211d150540 nmethod 9866 0x00000220be602d10 code [0x00000220be602f20, 0x00000220be603318]
Event: 24.214 Thread 0x000002211d150540 9869       2       com.sun.tools.javac.jvm.Items$CondItem::isFalse (23 bytes)
Event: 24.214 Thread 0x000002211d150540 nmethod 9869 0x00000220be603590 code [0x00000220be603720, 0x00000220be603858]
Event: 24.214 Thread 0x000002211d150540 9865       2       com.sun.tools.javac.jvm.UninitializedType::<init> (14 bytes)
Event: 24.214 Thread 0x000002211d150540 nmethod 9865 0x00000220be603910 code [0x00000220be603ac0, 0x00000220be603e68]
Event: 24.217 Thread 0x000002211d150540 9870       2       com.sun.tools.javac.jvm.ClassWriter::writeStackMapType (431 bytes)
Event: 24.220 Thread 0x000002211d150540 nmethod 9870 0x00000220be604010 code [0x00000220be6044c0, 0x00000220be605778]
Event: 24.221 Thread 0x000002211d150540 9871       2       com.sun.tools.javac.comp.Check$2::visitClassType (10 bytes)
Event: 24.221 Thread 0x000002211d150540 nmethod 9871 0x00000220be606390 code [0x00000220be606520, 0x00000220be606688]
Event: 24.221 Thread 0x000002211d150540 9872       2       com.sun.tools.javac.comp.Check$2::visitClassType (76 bytes)
Event: 24.222 Thread 0x000002211d150540 nmethod 9872 0x00000220be606790 code [0x00000220be6069a0, 0x00000220be606e68]
Event: 24.224 Thread 0x000002211d150540 9873       3       com.sun.tools.javac.code.Types$UniqueType::equals (36 bytes)
Event: 24.225 Thread 0x000002211d150540 nmethod 9873 0x00000220be607090 code [0x00000220be607280, 0x00000220be607908]
Event: 24.226 Thread 0x000002211d150540 9874       2       com.sun.tools.javac.jvm.PoolWriter::putSignature (36 bytes)
Event: 24.227 Thread 0x000002211d150540 nmethod 9874 0x00000220be607b10 code [0x00000220be607d00, 0x00000220be607fc8]
Event: 24.228 Thread 0x000002211d150540 9875       1       com.sun.tools.javac.code.Symbol$MethodHandleSymbol::baseSymbol (5 bytes)
Event: 24.228 Thread 0x000002211d150540 nmethod 9875 0x00000220c532cc90 code [0x00000220c532ce20, 0x00000220c532cef8]

GC Heap History (20 events):
Event: 15.860 GC heap after
{Heap after GC invocations=10 (full 0):
 garbage-first heap   total 167936K, used 77288K [0x0000000701000000, 0x0000000800000000)
  region size 2048K, 4 young (8192K), 4 survivors (8192K)
 Metaspace       used 26215K, committed 26496K, reserved 1114112K
  class space    used 2970K, committed 3136K, reserved 1048576K
}
Event: 17.489 GC heap before
{Heap before GC invocations=10 (full 0):
 garbage-first heap   total 167936K, used 118248K [0x0000000701000000, 0x0000000800000000)
  region size 2048K, 24 young (49152K), 4 survivors (8192K)
 Metaspace       used 27140K, committed 27456K, reserved 1114112K
  class space    used 3040K, committed 3200K, reserved 1048576K
}
Event: 17.511 GC heap after
{Heap after GC invocations=11 (full 0):
 garbage-first heap   total 167936K, used 86016K [0x0000000701000000, 0x0000000800000000)
  region size 2048K, 3 young (6144K), 3 survivors (6144K)
 Metaspace       used 27140K, committed 27456K, reserved 1114112K
  class space    used 3040K, committed 3200K, reserved 1048576K
}
Event: 18.120 GC heap before
{Heap before GC invocations=11 (full 0):
 garbage-first heap   total 167936K, used 122880K [0x0000000701000000, 0x0000000800000000)
  region size 2048K, 21 young (43008K), 3 survivors (6144K)
 Metaspace       used 27288K, committed 27584K, reserved 1114112K
  class space    used 3042K, committed 3200K, reserved 1048576K
}
Event: 18.147 GC heap after
{Heap after GC invocations=12 (full 0):
 garbage-first heap   total 167936K, used 92641K [0x0000000701000000, 0x0000000800000000)
  region size 2048K, 3 young (6144K), 3 survivors (6144K)
 Metaspace       used 27288K, committed 27584K, reserved 1114112K
  class space    used 3042K, committed 3200K, reserved 1048576K
}
Event: 18.830 GC heap before
{Heap before GC invocations=13 (full 0):
 garbage-first heap   total 172032K, used 127457K [0x0000000701000000, 0x0000000800000000)
  region size 2048K, 20 young (40960K), 3 survivors (6144K)
 Metaspace       used 27400K, committed 27712K, reserved 1114112K
  class space    used 3050K, committed 3200K, reserved 1048576K
}
Event: 18.854 GC heap after
{Heap after GC invocations=14 (full 0):
 garbage-first heap   total 172032K, used 100313K [0x0000000701000000, 0x0000000800000000)
  region size 2048K, 3 young (6144K), 3 survivors (6144K)
 Metaspace       used 27400K, committed 27712K, reserved 1114112K
  class space    used 3050K, committed 3200K, reserved 1048576K
}
Event: 19.337 GC heap before
{Heap before GC invocations=14 (full 0):
 garbage-first heap   total 172032K, used 133081K [0x0000000701000000, 0x0000000800000000)
  region size 2048K, 19 young (38912K), 3 survivors (6144K)
 Metaspace       used 27453K, committed 27712K, reserved 1114112K
  class space    used 3051K, committed 3200K, reserved 1048576K
}
Event: 19.358 GC heap after
{Heap after GC invocations=15 (full 0):
 garbage-first heap   total 225280K, used 106721K [0x0000000701000000, 0x0000000800000000)
  region size 2048K, 3 young (6144K), 3 survivors (6144K)
 Metaspace       used 27453K, committed 27712K, reserved 1114112K
  class space    used 3051K, committed 3200K, reserved 1048576K
}
Event: 20.666 GC heap before
{Heap before GC invocations=16 (full 0):
 garbage-first heap   total 225280K, used 168161K [0x0000000701000000, 0x0000000800000000)
  region size 2048K, 33 young (67584K), 3 survivors (6144K)
 Metaspace       used 28166K, committed 28480K, reserved 1114112K
  class space    used 3103K, committed 3264K, reserved 1048576K
}
Event: 20.693 GC heap after
{Heap after GC invocations=17 (full 0):
 garbage-first heap   total 225280K, used 113196K [0x0000000701000000, 0x0000000800000000)
  region size 2048K, 4 young (8192K), 4 survivors (8192K)
 Metaspace       used 28166K, committed 28480K, reserved 1114112K
  class space    used 3103K, committed 3264K, reserved 1048576K
}
Event: 20.719 GC heap before
{Heap before GC invocations=17 (full 0):
 garbage-first heap   total 225280K, used 115244K [0x0000000701000000, 0x0000000800000000)
  region size 2048K, 5 young (10240K), 4 survivors (8192K)
 Metaspace       used 28166K, committed 28480K, reserved 1114112K
  class space    used 3103K, committed 3264K, reserved 1048576K
}
Event: 20.740 GC heap after
{Heap after GC invocations=18 (full 0):
 garbage-first heap   total 225280K, used 113337K [0x0000000701000000, 0x0000000800000000)
  region size 2048K, 1 young (2048K), 1 survivors (2048K)
 Metaspace       used 28166K, committed 28480K, reserved 1114112K
  class space    used 3103K, committed 3264K, reserved 1048576K
}
Event: 21.275 GC heap before
{Heap before GC invocations=18 (full 0):
 garbage-first heap   total 225280K, used 172729K [0x0000000701000000, 0x0000000800000000)
  region size 2048K, 30 young (61440K), 1 survivors (2048K)
 Metaspace       used 28182K, committed 28480K, reserved 1114112K
  class space    used 3103K, committed 3264K, reserved 1048576K
}
Event: 21.293 GC heap after
{Heap after GC invocations=19 (full 0):
 garbage-first heap   total 225280K, used 118826K [0x0000000701000000, 0x0000000800000000)
  region size 2048K, 4 young (8192K), 4 survivors (8192K)
 Metaspace       used 28182K, committed 28480K, reserved 1114112K
  class space    used 3103K, committed 3264K, reserved 1048576K
}
Event: 21.897 GC heap before
{Heap before GC invocations=20 (full 0):
 garbage-first heap   total 249856K, used 176170K [0x0000000701000000, 0x0000000800000000)
  region size 2048K, 32 young (65536K), 4 survivors (8192K)
 Metaspace       used 28193K, committed 28480K, reserved 1114112K
  class space    used 3103K, committed 3264K, reserved 1048576K
}
Event: 21.922 GC heap after
{Heap after GC invocations=21 (full 0):
 garbage-first heap   total 249856K, used 122388K [0x0000000701000000, 0x0000000800000000)
  region size 2048K, 4 young (8192K), 4 survivors (8192K)
 Metaspace       used 28193K, committed 28480K, reserved 1114112K
  class space    used 3103K, committed 3264K, reserved 1048576K
}
Event: 21.948 GC heap before
{Heap before GC invocations=21 (full 0):
 garbage-first heap   total 249856K, used 126484K [0x0000000701000000, 0x0000000800000000)
  region size 2048K, 6 young (12288K), 4 survivors (8192K)
 Metaspace       used 28193K, committed 28480K, reserved 1114112K
  class space    used 3103K, committed 3264K, reserved 1048576K
}
Event: 21.966 GC heap after
{Heap after GC invocations=22 (full 0):
 garbage-first heap   total 249856K, used 120882K [0x0000000701000000, 0x0000000800000000)
  region size 2048K, 1 young (2048K), 1 survivors (2048K)
 Metaspace       used 28193K, committed 28480K, reserved 1114112K
  class space    used 3103K, committed 3264K, reserved 1048576K
}
Event: 24.229 GC heap before
{Heap before GC invocations=22 (full 0):
 garbage-first heap   total 249856K, used 192562K [0x0000000701000000, 0x0000000800000000)
  region size 2048K, 36 young (73728K), 1 survivors (2048K)
 Metaspace       used 30284K, committed 30592K, reserved 1114112K
  class space    used 3311K, committed 3456K, reserved 1048576K
}

Deoptimization events (20 events):
Event: 24.000 Thread 0x00000220b5a6a730 Uncommon trap: trap_request=0xffffffc6 fr.pc=0x00000220c531fadc relative=0x000000000000095c
Event: 24.000 Thread 0x00000220b5a6a730 Uncommon trap: reason=bimorphic_or_optimized_type_check action=maybe_recompile pc=0x00000220c531fadc method=com.sun.tools.javac.code.Types$5.visitClassType(Lcom/sun/tools/javac/code/Type$ClassType;Lcom/sun/tools/javac/code/Type;)Ljava/lang/Boolean; @ 341 
Event: 24.001 Thread 0x00000220b5a6a730 DEOPT PACKING pc=0x00000220c531fadc sp=0x0000003c01dfb2a0
Event: 24.001 Thread 0x00000220b5a6a730 DEOPT UNPACKING pc=0x00000220c48b23a3 sp=0x0000003c01dfb250 mode 2
Event: 24.045 Thread 0x00000220b5a6a730 Uncommon trap: trap_request=0xffffffde fr.pc=0x00000220c52ea3d4 relative=0x00000000000000b4
Event: 24.045 Thread 0x00000220b5a6a730 Uncommon trap: reason=class_check action=maybe_recompile pc=0x00000220c52ea3d4 method=com.sun.tools.javac.comp.Resolve$LookupFilter.test(Ljava/lang/Object;)Z @ 2 c2
Event: 24.045 Thread 0x00000220b5a6a730 DEOPT PACKING pc=0x00000220c52ea3d4 sp=0x0000003c01dfaa90
Event: 24.045 Thread 0x00000220b5a6a730 DEOPT UNPACKING pc=0x00000220c48b23a3 sp=0x0000003c01dfaa18 mode 2
Event: 24.179 Thread 0x00000220b5a6a730 Uncommon trap: trap_request=0xffffff45 fr.pc=0x00000220c52edb04 relative=0x0000000000000724
Event: 24.179 Thread 0x00000220b5a6a730 Uncommon trap: reason=unstable_if action=reinterpret pc=0x00000220c52edb04 method=java.util.HashMap.putVal(ILjava/lang/Object;Ljava/lang/Object;ZZ)Ljava/lang/Object; @ 236 c2
Event: 24.179 Thread 0x00000220b5a6a730 DEOPT PACKING pc=0x00000220c52edb04 sp=0x0000003c01dfc710
Event: 24.179 Thread 0x00000220b5a6a730 DEOPT UNPACKING pc=0x00000220c48b23a3 sp=0x0000003c01dfc698 mode 2
Event: 24.183 Thread 0x00000220b5a6a730 Uncommon trap: trap_request=0xffffffde fr.pc=0x00000220c530e004 relative=0x0000000000000fe4
Event: 24.183 Thread 0x00000220b5a6a730 Uncommon trap: reason=class_check action=maybe_recompile pc=0x00000220c530e004 method=com.sun.tools.javac.code.Types$13.visitClassType(Lcom/sun/tools/javac/code/Type$ClassType;Lcom/sun/tools/javac/code/Symbol;)Lcom/sun/tools/javac/code/Type; @ 97 c2
Event: 24.183 Thread 0x00000220b5a6a730 DEOPT PACKING pc=0x00000220c530e004 sp=0x0000003c01dfc2e0
Event: 24.183 Thread 0x00000220b5a6a730 DEOPT UNPACKING pc=0x00000220c48b23a3 sp=0x0000003c01dfc2a8 mode 2
Event: 24.183 Thread 0x00000220b5a6a730 Uncommon trap: trap_request=0xffffffde fr.pc=0x00000220c530e004 relative=0x0000000000000fe4
Event: 24.183 Thread 0x00000220b5a6a730 Uncommon trap: reason=class_check action=maybe_recompile pc=0x00000220c530e004 method=com.sun.tools.javac.code.Types$13.visitClassType(Lcom/sun/tools/javac/code/Type$ClassType;Lcom/sun/tools/javac/code/Symbol;)Lcom/sun/tools/javac/code/Type; @ 97 c2
Event: 24.183 Thread 0x00000220b5a6a730 DEOPT PACKING pc=0x00000220c530e004 sp=0x0000003c01dfc2e0
Event: 24.183 Thread 0x00000220b5a6a730 DEOPT UNPACKING pc=0x00000220c48b23a3 sp=0x0000003c01dfc2a8 mode 2

Classes unloaded (0 events):
No events

Classes redefined (0 events):
No events

Internal exceptions (20 events):
Event: 23.789 Thread 0x00000220b5a6a730 Exception <a 'sun/nio/fs/WindowsException'{0x000000070c564910}> (0x000000070c564910) 
thrown [s\open\src\hotspot\share\prims\jni.cpp, line 516]
Event: 23.799 Thread 0x00000220b5a6a730 Exception <a 'sun/nio/fs/WindowsException'{0x000000070c5be4b8}> (0x000000070c5be4b8) 
thrown [s\open\src\hotspot\share\prims\jni.cpp, line 516]
Event: 23.817 Thread 0x00000220b5a6a730 Exception <a 'sun/nio/fs/WindowsException'{0x000000070c5ff228}> (0x000000070c5ff228) 
thrown [s\open\src\hotspot\share\prims\jni.cpp, line 516]
Event: 23.841 Thread 0x00000220b5a6a730 Exception <a 'sun/nio/fs/WindowsException'{0x000000070c225a40}> (0x000000070c225a40) 
thrown [s\open\src\hotspot\share\prims\jni.cpp, line 516]
Event: 23.850 Thread 0x00000220b5a6a730 Exception <a 'sun/nio/fs/WindowsException'{0x000000070c248d80}> (0x000000070c248d80) 
thrown [s\open\src\hotspot\share\prims\jni.cpp, line 516]
Event: 23.864 Thread 0x00000220b5a6a730 Exception <a 'sun/nio/fs/WindowsException'{0x000000070c26ca18}> (0x000000070c26ca18) 
thrown [s\open\src\hotspot\share\prims\jni.cpp, line 516]
Event: 23.871 Thread 0x00000220b5a6a730 Exception <a 'sun/nio/fs/WindowsException'{0x000000070c295580}> (0x000000070c295580) 
thrown [s\open\src\hotspot\share\prims\jni.cpp, line 516]
Event: 23.887 Thread 0x00000220b5a6a730 Exception <a 'sun/nio/fs/WindowsException'{0x000000070c32d2d0}> (0x000000070c32d2d0) 
thrown [s\open\src\hotspot\share\prims\jni.cpp, line 516]
Event: 23.903 Thread 0x00000220b5a6a730 Exception <a 'sun/nio/fs/WindowsException'{0x000000070c3d3438}> (0x000000070c3d3438) 
thrown [s\open\src\hotspot\share\prims\jni.cpp, line 516]
Event: 23.911 Thread 0x00000220b5a6a730 Exception <a 'sun/nio/fs/WindowsException'{0x000000070c065478}> (0x000000070c065478) 
thrown [s\open\src\hotspot\share\prims\jni.cpp, line 516]
Event: 23.920 Thread 0x00000220b5a6a730 Exception <a 'sun/nio/fs/WindowsException'{0x000000070c0f6790}> (0x000000070c0f6790) 
thrown [s\open\src\hotspot\share\prims\jni.cpp, line 516]
Event: 23.966 Thread 0x00000220b5a6a730 Exception <a 'java/lang/NoSuchMethodError'{0x000000070c1c5518}: 'java.lang.Object java.lang.invoke.DirectMethodHandle$Holder.newInvokeSpecial(java.lang.Object, java.lang.Object, java.lang.Object, java.lang.Object, java.lang.Object, java.lang.Object, java.lang.Object, int)'> (0x000000070c1c5518) 
thrown [s\open\src\hotspot\share\interpreter\linkResolver.cpp, line 759]
Event: 23.967 Thread 0x00000220b5a6a730 Exception <a 'java/lang/NoSuchMethodError'{0x000000070c1cadb8}: 'java.lang.Object java.lang.invoke.DirectMethodHandle$Holder.invokeSpecial(java.lang.Object, java.lang.Object, java.lang.Object, java.lang.Object, java.lang.Object, java.lang.Object, java.lang.Object, java.lang.Object, int)'> (0x000000070c1cadb8) 
thrown [s\open\src\hotspot\share\interpreter\linkResolver.cpp, line 759]
Event: 24.081 Thread 0x00000220b5a6a730 Exception <a 'sun/nio/fs/WindowsException'{0x000000070bde8360}> (0x000000070bde8360) 
thrown [s\open\src\hotspot\share\prims\jni.cpp, line 516]
Event: 24.081 Thread 0x00000220b5a6a730 Exception <a 'sun/nio/fs/WindowsException'{0x000000070bde8720}> (0x000000070bde8720) 
thrown [s\open\src\hotspot\share\prims\jni.cpp, line 516]
Event: 24.082 Thread 0x00000220b5a6a730 Exception <a 'sun/nio/fs/WindowsException'{0x000000070bdeee70}> (0x000000070bdeee70) 
thrown [s\open\src\hotspot\share\prims\jni.cpp, line 516]
Event: 24.082 Thread 0x00000220b5a6a730 Exception <a 'sun/nio/fs/WindowsException'{0x000000070bdef1e8}> (0x000000070bdef1e8) 
thrown [s\open\src\hotspot\share\prims\jni.cpp, line 516]
Event: 24.083 Thread 0x00000220b5a6a730 Exception <a 'sun/nio/fs/WindowsException'{0x000000070ba028b8}> (0x000000070ba028b8) 
thrown [s\open\src\hotspot\share\prims\jni.cpp, line 516]
Event: 24.083 Thread 0x00000220b5a6a730 Exception <a 'sun/nio/fs/WindowsException'{0x000000070ba02c78}> (0x000000070ba02c78) 
thrown [s\open\src\hotspot\share\prims\jni.cpp, line 516]
Event: 24.213 Thread 0x00000220b5a6a730 Exception <a 'sun/nio/fs/WindowsException'{0x000000070b9dc810}> (0x000000070b9dc810) 
thrown [s\open\src\hotspot\share\prims\jni.cpp, line 516]

VM Operations (20 events):
Event: 22.976 Executing VM operation: ICBufferFull done
Event: 23.107 Executing VM operation: HandshakeAllThreads
Event: 23.107 Executing VM operation: HandshakeAllThreads done
Event: 23.207 Executing VM operation: ICBufferFull
Event: 23.207 Executing VM operation: ICBufferFull done
Event: 23.610 Executing VM operation: ICBufferFull
Event: 23.610 Executing VM operation: ICBufferFull done
Event: 23.630 Executing VM operation: HandshakeAllThreads
Event: 23.630 Executing VM operation: HandshakeAllThreads done
Event: 23.632 Executing VM operation: HandshakeAllThreads
Event: 23.632 Executing VM operation: HandshakeAllThreads done
Event: 23.705 Executing VM operation: HandshakeAllThreads
Event: 23.705 Executing VM operation: HandshakeAllThreads done
Event: 23.847 Executing VM operation: ICBufferFull
Event: 23.848 Executing VM operation: ICBufferFull done
Event: 23.997 Executing VM operation: ICBufferFull
Event: 23.997 Executing VM operation: ICBufferFull done
Event: 24.196 Executing VM operation: ICBufferFull
Event: 24.197 Executing VM operation: ICBufferFull done
Event: 24.228 Executing VM operation: G1CollectForAllocation

Events (20 events):
Event: 20.149 loading class java/util/stream/ReduceOps$1 done
Event: 20.150 loading class java/util/stream/ReduceOps$1ReducingSink
Event: 20.150 loading class java/util/stream/ReduceOps$1ReducingSink done
Event: 21.458 Thread 0x000002211d150f40 flushing nmethod 0x00000220c51e9290
Event: 22.310 loading class java/util/function/ToIntBiFunction
Event: 22.310 loading class java/util/function/ToIntBiFunction done
Event: 22.553 loading class java/util/EnumMap$EntrySet
Event: 22.553 loading class java/util/EnumMap$EntrySet done
Event: 22.553 loading class java/util/EnumMap$EntryIterator
Event: 22.553 loading class java/util/EnumMap$EnumMapIterator
Event: 22.553 loading class java/util/EnumMap$EnumMapIterator done
Event: 22.553 loading class java/util/EnumMap$EntryIterator done
Event: 22.553 loading class java/util/EnumMap$EntryIterator$Entry
Event: 22.554 loading class java/util/EnumMap$EntryIterator$Entry done
Event: 22.882 loading class java/io/DataOutputStream
Event: 22.882 loading class java/io/DataOutputStream done
Event: 23.623 loading class java/util/stream/ReduceOps$2
Event: 23.623 loading class java/util/stream/ReduceOps$2 done
Event: 23.623 loading class java/util/stream/ReduceOps$2ReducingSink
Event: 23.623 loading class java/util/stream/ReduceOps$2ReducingSink done


Dynamic libraries:
0x00007ff6fb510000 - 0x00007ff6fb520000 	C:\Program Files\Java\jdk-17\bin\java.exe
0x00007ffc760d0000 - 0x00007ffc762c8000 	C:\WINDOWS\SYSTEM32\ntdll.dll
0x00007ffc75da0000 - 0x00007ffc75e62000 	C:\WINDOWS\System32\KERNEL32.DLL
0x00007ffc73c20000 - 0x00007ffc73f16000 	C:\WINDOWS\System32\KERNELBASE.dll
0x00007ffc73b20000 - 0x00007ffc73c20000 	C:\WINDOWS\System32\ucrtbase.dll
0x00007ffc55040000 - 0x00007ffc55059000 	C:\Program Files\Java\jdk-17\bin\jli.dll
0x00007ffc55060000 - 0x00007ffc5507b000 	C:\Program Files\Java\jdk-17\bin\VCRUNTIME140.dll
0x00007ffc758f0000 - 0x00007ffc759a1000 	C:\WINDOWS\System32\ADVAPI32.dll
0x00007ffc75c50000 - 0x00007ffc75cee000 	C:\WINDOWS\System32\msvcrt.dll
0x00007ffc74ec0000 - 0x00007ffc74f5f000 	C:\WINDOWS\System32\sechost.dll
0x00007ffc75a10000 - 0x00007ffc75b30000 	C:\WINDOWS\System32\RPCRT4.dll
0x00007ffc74010000 - 0x00007ffc74037000 	C:\WINDOWS\System32\bcrypt.dll
0x00007ffc74230000 - 0x00007ffc743d1000 	C:\WINDOWS\System32\USER32.dll
0x00007ffc73af0000 - 0x00007ffc73b12000 	C:\WINDOWS\System32\win32u.dll
0x00007ffc74560000 - 0x00007ffc7458b000 	C:\WINDOWS\System32\GDI32.dll
0x00007ffc73950000 - 0x00007ffc73a69000 	C:\WINDOWS\System32\gdi32full.dll
0x00007ffc73f20000 - 0x00007ffc73fbd000 	C:\WINDOWS\System32\msvcp_win.dll
0x00007ffc61350000 - 0x00007ffc615eb000 	C:\WINDOWS\WinSxS\amd64_microsoft.windows.common-controls_6595b64144ccf1df_6.0.19041.6456_none_60b8a6cb71f64256\COMCTL32.dll
0x00007ffc680a0000 - 0x00007ffc680aa000 	C:\WINDOWS\SYSTEM32\VERSION.dll
0x00007ffc74440000 - 0x00007ffc7446f000 	C:\WINDOWS\System32\IMM32.DLL
0x00007ffc55030000 - 0x00007ffc5503c000 	C:\Program Files\Java\jdk-17\bin\vcruntime140_1.dll
0x00007ffc54fa0000 - 0x00007ffc5502e000 	C:\Program Files\Java\jdk-17\bin\msvcp140.dll
0x00007ffc543c0000 - 0x00007ffc54fa0000 	C:\Program Files\Java\jdk-17\bin\server\jvm.dll
0x00007ffc758e0000 - 0x00007ffc758e8000 	C:\WINDOWS\System32\PSAPI.DLL
0x00007ffc543b0000 - 0x00007ffc543b9000 	C:\WINDOWS\SYSTEM32\WSOCK32.dll
0x00007ffc615f0000 - 0x00007ffc61617000 	C:\WINDOWS\SYSTEM32\WINMM.dll
0x00007ffc75090000 - 0x00007ffc750fb000 	C:\WINDOWS\System32\WS2_32.dll
0x00007ffc71590000 - 0x00007ffc715a2000 	C:\WINDOWS\SYSTEM32\kernel.appcore.dll
0x00007ffc543a0000 - 0x00007ffc543aa000 	C:\Program Files\Java\jdk-17\bin\jimage.dll
0x00007ffc61620000 - 0x00007ffc61821000 	C:\WINDOWS\SYSTEM32\DBGHELP.DLL
0x00007ffc60660000 - 0x00007ffc60694000 	C:\WINDOWS\SYSTEM32\dbgcore.DLL
0x00007ffc738c0000 - 0x00007ffc73942000 	C:\WINDOWS\System32\bcryptPrimitives.dll
0x00007ffc54370000 - 0x00007ffc54395000 	C:\Program Files\Java\jdk-17\bin\java.dll
0x00007ffc54290000 - 0x00007ffc54367000 	C:\Program Files\Java\jdk-17\bin\jsvml.dll
0x00007ffc74640000 - 0x00007ffc74db0000 	C:\WINDOWS\System32\SHELL32.dll
0x00007ffc71790000 - 0x00007ffc71f35000 	C:\WINDOWS\SYSTEM32\windows.storage.dll
0x00007ffc75100000 - 0x00007ffc75454000 	C:\WINDOWS\System32\combase.dll
0x00007ffc730b0000 - 0x00007ffc730db000 	C:\WINDOWS\SYSTEM32\Wldp.dll
0x00007ffc74490000 - 0x00007ffc7455d000 	C:\WINDOWS\System32\OLEAUT32.dll
0x00007ffc74590000 - 0x00007ffc7463d000 	C:\WINDOWS\System32\SHCORE.dll
0x00007ffc759b0000 - 0x00007ffc75a0b000 	C:\WINDOWS\System32\shlwapi.dll
0x00007ffc73690000 - 0x00007ffc736b4000 	C:\WINDOWS\SYSTEM32\profapi.dll
0x00007ffc54270000 - 0x00007ffc54289000 	C:\Program Files\Java\jdk-17\bin\net.dll
0x00007ffc66ae0000 - 0x00007ffc66bea000 	C:\WINDOWS\SYSTEM32\WINHTTP.dll
0x00007ffc72e90000 - 0x00007ffc72efa000 	C:\WINDOWS\system32\mswsock.dll
0x00007ffc54250000 - 0x00007ffc54266000 	C:\Program Files\Java\jdk-17\bin\nio.dll
0x00007ffc54230000 - 0x00007ffc54248000 	C:\Program Files\Java\jdk-17\bin\zip.dll
0x00007ffc52770000 - 0x00007ffc52794000 	C:\Program Files\apache-maven-3.9.9\lib\jansi-native\Windows\x86_64\jansi.dll
0x00007ffc6dd40000 - 0x00007ffc6dd50000 	C:\Program Files\Java\jdk-17\bin\verify.dll

dbghelp: loaded successfully - version: 4.0.5 - missing functions: none
symbol engine: initialized successfully - sym options: 0x614 - pdb path: .;C:\Program Files\Java\jdk-17\bin;C:\WINDOWS\SYSTEM32;C:\WINDOWS\WinSxS\amd64_microsoft.windows.common-controls_6595b64144ccf1df_6.0.19041.6456_none_60b8a6cb71f64256;C:\Program Files\Java\jdk-17\bin\server;C:\Program Files\apache-maven-3.9.9\lib\jansi-native\Windows\x86_64

VM Arguments:
jvm_args: -Dmaven.wagon.http.ssl.insecure=true -Dclassworlds.conf=C:\Program Files\apache-maven-3.9.9\bin\m2.conf -Dmaven.home=C:\Program Files\apache-maven-3.9.9 -Dlibrary.jansi.path=C:\Program Files\apache-maven-3.9.9\lib\jansi-native -Dmaven.multiModuleProjectDirectory=C:\Users\aurel\Dev\codelab\oh\oh-web\u2g\openhospital-core 
java_command: org.codehaus.plexus.classworlds.launcher.Launcher compile -q
java_class_path (initial): C:\Program Files\apache-maven-3.9.9\boot\plexus-classworlds-2.8.0.jar
Launcher Type: SUN_STANDARD

[Global flags]
     intx CICompilerCount                          = 3                                         {product} {ergonomic}
     uint ConcGCThreads                            = 1                                         {product} {ergonomic}
     uint G1ConcRefinementThreads                  = 4                                         {product} {ergonomic}
   size_t G1HeapRegionSize                         = 2097152                                   {product} {ergonomic}
    uintx GCDrainStackTargetSize                   = 64                                        {product} {ergonomic}
   size_t InitialHeapSize                          = 268435456                                 {product} {ergonomic}
   size_t MarkStackSize                            = 4194304                                   {product} {ergonomic}
   size_t MaxHeapSize                              = 4278190080                                {product} {ergonomic}
   size_t MaxNewSize                               = 2566914048                                {product} {ergonomic}
   size_t MinHeapDeltaBytes                        = 2097152                                   {product} {ergonomic}
   size_t MinHeapSize                              = 8388608                                   {product} {ergonomic}
    uintx NonNMethodCodeHeapSize                   = 5832780                                {pd product} {ergonomic}
    uintx NonProfiledCodeHeapSize                  = 122912730                              {pd product} {ergonomic}
    uintx ProfiledCodeHeapSize                     = 122912730                              {pd product} {ergonomic}
    uintx ReservedCodeCacheSize                    = 251658240                              {pd product} {ergonomic}
     bool SegmentedCodeCache                       = true                                      {product} {ergonomic}
   size_t SoftMaxHeapSize                          = 4278190080                             {manageable} {ergonomic}
     bool UseCompressedClassPointers               = true                           {product lp64_product} {ergonomic}
     bool UseCompressedOops                        = true                           {product lp64_product} {ergonomic}
     bool UseG1GC                                  = true                                      {product} {ergonomic}
     bool UseLargePagesIndividualAllocation        = false                                  {pd product} {ergonomic}

Logging:
Log output configuration:
 #0: stdout all=warning uptime,level,tags
 #1: stderr all=off uptime,level,tags

Environment Variables:
JAVA_HOME=C:\Program Files\Java\jdk-17
PATH=C:\Program Files\Java\jdk-17\bin;C:\Program Files\Eclipse Adoptium\jdk-21.0.9.10-hotspot\bin;C:\Program Files\Eclipse Adoptium\jdk-25.0.1.8-hotspot\bin;C:\Program Files\apache-maven-3.9.9\bin;C:\Python313\Scripts\;C:\Python313\;C:\WINDOWS\system32;C:\WINDOWS;C:\WINDOWS\System32\Wbem;C:\WINDOWS\System32\WindowsPowerShell\v1.0\;C:\WINDOWS\System32\OpenSSH\;C:\ProgramData\chocolatey\bin;C:\Program Files\Git\cmd;C:\xampp\mysql\bin;C:\Holding-oh\holding-api\.gradle\8.13;C:\gradle-8.13-bin\gradle-8.13\bin;C:\Program Files\nvm;C:\nvm4w\nodejs;C:\Program Files\nvm;C:\apache-ant-1.10.15\bin;C:\Users\aurel\AppData\Local\nvm\v20.19.1;C:\nssm-2.24\win64;C:\Program Files\Java\jdk1.8.0_202\bin;C:\Program Files\Docker\Docker\resources\bin;C:\Users\aurel\AppData\Local\Microsoft\WindowsApps;C:\Program Files\JetBrains\IntelliJ IDEA Community Edition 2024.3.5\bin;;C:\Program Files\nvm;C:\Program Files\nodejs;C:\Users\aurel\AppData\Local\Programs\Windsurf\bin;C:\Users\aurel\AppData\Local\Programs\Microsoft VS Code\bin;C:\Program Files\JetBrains\IntelliJ IDEA 2026.1\bin
USERNAME=aurel
OS=Windows_NT
PROCESSOR_IDENTIFIER=Intel64 Family 6 Model 69 Stepping 1, GenuineIntel



---------------  S Y S T E M  ---------------

OS:
 Windows 10 , 64 bit Build 19041 (10.0.19041.5915)
OS uptime: 0 days 7:04 hours
Hyper-V role detected

CPU: total 4 (initial active 4) (2 cores per cpu, 2 threads per core) family 6 model 69 stepping 1 microcode 0x25, cx8, cmov, fxsr, ht, mmx, sse, sse2, sse3, ssse3, sse4.1, sse4.2, popcnt, lzcnt, tsc, tscinvbit, avx, avx2, aes, erms, clmul, bmi1, bmi2, fma, vzeroupper, clflush, hv

Memory: 4k page, system-wide physical 16313M (4115M free)
TotalPageFile size 26424M (AvailPageFile size 356M)
current process WorkingSet (physical memory assigned to process): 403M, peak: 407M
current process commit charge ("private bytes"): 444M, peak: 878M

vm_info: Java HotSpot(TM) 64-Bit Server VM (17.0.12+8-LTS-286) for windows-amd64 JRE (17.0.12+8-LTS-286), built on Jun  5 2024 06:46:59 by "mach5one" with MS VC++ 17.6 (VS2022)

END.
